app/staff/inventory/page.tsx(198,42): error TS17008: JSX element 'div' has no corresponding closing tag.
